<html>
<body>
<pre>
<h1>µVision Build Log</h1>
<h2>Tool Versions:</h2>
IDE-Version: ¦ÌVision V5.27.0.0
Copyright (C) 2018 ARM Ltd and ARM Germany GmbH. All rights reserved.
License Information: aa a, a, LIC=PE7DL-050IF-Y8MFK-Z9GIS-81HV2-C4PLW
 
Tool Versions:
Toolchain:       MDK-ARM Plus  Version: 5.27.0.0
Toolchain Path:  C:\Keil_v5\ARM\ARMCC\Bin
C Compiler:      Armcc.exe V5.06 update 6 (build 750)
Assembler:       Armasm.exe V5.06 update 6 (build 750)
Linker/Locator:  ArmLink.exe V5.06 update 6 (build 750)
Library Manager: ArmAr.exe V5.06 update 6 (build 750)
Hex Converter:   FromElf.exe V5.06 update 6 (build 750)
CPU DLL:         SARMCM3.DLL V5.27.0.0
Dialog DLL:      DCM.DLL V1.17.2.0
Target DLL:      Segger\JL2CM3.dll V2.97.0.0
Dialog DLL:      TCM.DLL V1.36.1.0
 
<h2>Project:</h2>
E:\z103\C8T6UART\MDK-ARM\C8T6UART.uvprojx
Project File Date:  11/08/2020

<h2>Output:</h2>
*** Using Compiler 'V5.06 update 6 (build 750)', folder: 'C:\Keil_v5\ARM\ARMCC\Bin'
Build target 'C8T6UART'
compiling main.c...
../Core/Src/main.c(91): warning:  #177-D: variable "AD_Value"  was declared but never referenced
  	uint16_t AD_Value,AD_Value_get;
../Core/Src/main.c(91): warning:  #177-D: variable "AD_Value_get"  was declared but never referenced
  	uint16_t AD_Value,AD_Value_get;
../Core/Src/main.c(92): warning:  #177-D: variable "ADC_Convert_array"  was declared but never referenced
  	uint8_t ADC_Convert_array[2];
../Core/Src/main.c(94): warning:  #177-D: variable "AM_OnlineFlag"  was declared but never referenced
  	uint8_t AM_OnlineFlag;
../Core/Src/main.c(96): warning:  #177-D: variable "UART_string0"  was declared but never referenced
  	unsigned char UART_string0[4];
../Core/Src/main.c(97): warning:  #177-D: variable "UART_string1"  was declared but never referenced
  	unsigned char UART_string1[4];
../Core/Src/main.c: 6 warnings, 0 errors
linking...
Program Size: Code=9640 RO-data=292 RW-data=20 ZI-data=1292  
FromELF: creating hex file...
"C8T6UART\C8T6UART.axf" - 0 Error(s), 6 Warning(s).

<h2>Software Packages used:</h2>

Package Vendor: ARM
                http://www.keil.com/pack/ARM.CMSIS.5.7.0.pack
                ARM.CMSIS.5.7.0
                CMSIS (Cortex Microcontroller Software Interface Standard)
   * Component: CORE Version: 5.4.0

Package Vendor: Keil
                http://www.keil.com/pack/Keil.STM32F1xx_DFP.2.3.0.pack
                Keil.STM32F1xx_DFP.2.3.0
                STMicroelectronics STM32F1 Series Device Support, Drivers and Examples

<h2>Collection of Component include folders:</h2>
  .\RTE\_C8T6UART
  C:\Keil_v5\ARM\PACK\ARM\CMSIS\5.7.0\CMSIS\Core\Include
  C:\Keil_v5\ARM\PACK\Keil\STM32F1xx_DFP\2.3.0\Device\Include

<h2>Collection of Component Files used:</h2>

   * Component: ARM::CMSIS:CORE:5.4.0
Build Time Elapsed:  00:00:02
</pre>
</body>
</html>
